Archive member included because of file (symbol)

c:/users/yoga 640/documents/imt_sdk_win_64/imt_sdk_win_64/winavr/bin/../lib/gcc/avr/4.3.3/avr5\libgcc.a(_exit.o)
                              c:/users/yoga 640/documents/imt_sdk_win_64/imt_sdk_win_64/winavr/bin/../lib/gcc/avr/4.3.3/../../../../avr/lib/avr5/crtm32.o (exit)
c:/users/yoga 640/documents/imt_sdk_win_64/imt_sdk_win_64/winavr/bin/../lib/gcc/avr/4.3.3/avr5\libgcc.a(_copy_data.o)
                              ./MCAL/EXTI/EXTI_Config.o (__do_copy_data)
c:/users/yoga 640/documents/imt_sdk_win_64/imt_sdk_win_64/winavr/bin/../lib/gcc/avr/4.3.3/avr5\libgcc.a(_clear_bss.o)
                              ./MCAL/EXTI/EXTI.Program.o (__do_clear_bss)

Memory Configuration

Name             Origin             Length             Attributes
text             0x00000000         0x00020000         xr
data             0x00800060         0x0000ffa0         rw !x
eeprom           0x00810000         0x00010000         rw !x
fuse             0x00820000         0x00000400         rw !x
lock             0x00830000         0x00000400         rw !x
signature        0x00840000         0x00000400         rw !x
*default*        0x00000000         0xffffffff

Linker script and memory map

LOAD c:/users/yoga 640/documents/imt_sdk_win_64/imt_sdk_win_64/winavr/bin/../lib/gcc/avr/4.3.3/../../../../avr/lib/avr5/crtm32.o
LOAD ./MCAL/Port/Port_Program.o
LOAD ./MCAL/GIE/GIE_Program.o
LOAD ./MCAL/EXTI/EXTI.Program.o
LOAD ./MCAL/EXTI/EXTI_Config.o
LOAD ./MCAL/DIO/DIO_Program.o
LOAD ./MCAL/ADC/ADC_Program.o
LOAD ./APP/main.o
LOAD c:/users/yoga 640/documents/imt_sdk_win_64/imt_sdk_win_64/winavr/bin/../lib/gcc/avr/4.3.3/avr5\libgcc.a
LOAD c:/users/yoga 640/documents/imt_sdk_win_64/imt_sdk_win_64/winavr/bin/../lib/gcc/avr/4.3.3/../../../../avr/lib/avr5\libc.a
LOAD c:/users/yoga 640/documents/imt_sdk_win_64/imt_sdk_win_64/winavr/bin/../lib/gcc/avr/4.3.3/avr5\libgcc.a

.hash
 *(.hash)

.dynsym
 *(.dynsym)

.dynstr
 *(.dynstr)

.gnu.version
 *(.gnu.version)

.gnu.version_d
 *(.gnu.version_d)

.gnu.version_r
 *(.gnu.version_r)

.rel.init
 *(.rel.init)

.rela.init
 *(.rela.init)

.rel.text
 *(.rel.text)
 *(.rel.text.*)
 *(.rel.gnu.linkonce.t*)

.rela.text
 *(.rela.text)
 *(.rela.text.*)
 *(.rela.gnu.linkonce.t*)

.rel.fini
 *(.rel.fini)

.rela.fini
 *(.rela.fini)

.rel.rodata
 *(.rel.rodata)
 *(.rel.rodata.*)
 *(.rel.gnu.linkonce.r*)

.rela.rodata
 *(.rela.rodata)
 *(.rela.rodata.*)
 *(.rela.gnu.linkonce.r*)

.rel.data
 *(.rel.data)
 *(.rel.data.*)
 *(.rel.gnu.linkonce.d*)

.rela.data
 *(.rela.data)
 *(.rela.data.*)
 *(.rela.gnu.linkonce.d*)

.rel.ctors
 *(.rel.ctors)

.rela.ctors
 *(.rela.ctors)

.rel.dtors
 *(.rel.dtors)

.rela.dtors
 *(.rela.dtors)

.rel.got
 *(.rel.got)

.rela.got
 *(.rela.got)

.rel.bss
 *(.rel.bss)

.rela.bss
 *(.rela.bss)

.rel.plt
 *(.rel.plt)

.rela.plt
 *(.rela.plt)

.text           0x00000000     0x1434
 *(.vectors)
 .vectors       0x00000000       0x54 c:/users/yoga 640/documents/imt_sdk_win_64/imt_sdk_win_64/winavr/bin/../lib/gcc/avr/4.3.3/../../../../avr/lib/avr5/crtm32.o
                0x00000000                __vectors
                0x00000000                __vector_default
 *(.vectors)
 *(.progmem.gcc*)
 *(.progmem*)
                0x00000054                . = ALIGN (0x2)
                0x00000054                __trampolines_start = .
 *(.trampolines)
 .trampolines   0x00000054        0x0 linker stubs
 *(.trampolines*)
                0x00000054                __trampolines_end = .
 *(.jumptables)
 *(.jumptables*)
 *(.lowtext)
 *(.lowtext*)
                0x00000054                __ctors_start = .
 *(.ctors)
                0x00000054                __ctors_end = .
                0x00000054                __dtors_start = .
 *(.dtors)
                0x00000054                __dtors_end = .
 SORT(*)(.ctors)
 SORT(*)(.dtors)
 *(.init0)
 .init0         0x00000054        0x0 c:/users/yoga 640/documents/imt_sdk_win_64/imt_sdk_win_64/winavr/bin/../lib/gcc/avr/4.3.3/../../../../avr/lib/avr5/crtm32.o
                0x00000054                __init
 *(.init0)
 *(.init1)
 *(.init1)
 *(.init2)
 .init2         0x00000054        0xc c:/users/yoga 640/documents/imt_sdk_win_64/imt_sdk_win_64/winavr/bin/../lib/gcc/avr/4.3.3/../../../../avr/lib/avr5/crtm32.o
 *(.init2)
 *(.init3)
 *(.init3)
 *(.init4)
 .init4         0x00000060       0x16 c:/users/yoga 640/documents/imt_sdk_win_64/imt_sdk_win_64/winavr/bin/../lib/gcc/avr/4.3.3/avr5\libgcc.a(_copy_data.o)
                0x00000060                __do_copy_data
 .init4         0x00000076       0x10 c:/users/yoga 640/documents/imt_sdk_win_64/imt_sdk_win_64/winavr/bin/../lib/gcc/avr/4.3.3/avr5\libgcc.a(_clear_bss.o)
                0x00000076                __do_clear_bss
 *(.init4)
 *(.init5)
 *(.init5)
 *(.init6)
 *(.init6)
 *(.init7)
 *(.init7)
 *(.init8)
 *(.init8)
 *(.init9)
 .init9         0x00000086        0x8 c:/users/yoga 640/documents/imt_sdk_win_64/imt_sdk_win_64/winavr/bin/../lib/gcc/avr/4.3.3/../../../../avr/lib/avr5/crtm32.o
 *(.init9)
 *(.text)
 .text          0x0000008e        0x4 c:/users/yoga 640/documents/imt_sdk_win_64/imt_sdk_win_64/winavr/bin/../lib/gcc/avr/4.3.3/../../../../avr/lib/avr5/crtm32.o
                0x0000008e                __vector_12
                0x0000008e                __bad_interrupt
                0x0000008e                __vector_6
                0x0000008e                __vector_11
                0x0000008e                __vector_13
                0x0000008e                __vector_17
                0x0000008e                __vector_19
                0x0000008e                __vector_7
                0x0000008e                __vector_5
                0x0000008e                __vector_4
                0x0000008e                __vector_9
                0x0000008e                __vector_15
                0x0000008e                __vector_8
                0x0000008e                __vector_14
                0x0000008e                __vector_10
                0x0000008e                __vector_18
                0x0000008e                __vector_20
 .text          0x00000092        0x0 ./MCAL/Port/Port_Program.o
 .text          0x00000092        0x0 ./MCAL/GIE/GIE_Program.o
 .text          0x00000092        0x0 ./MCAL/EXTI/EXTI.Program.o
 .text          0x00000092        0x0 ./MCAL/EXTI/EXTI_Config.o
 .text          0x00000092        0x0 ./MCAL/DIO/DIO_Program.o
 .text          0x00000092        0x0 ./MCAL/ADC/ADC_Program.o
 .text          0x00000092        0x0 ./APP/main.o
 .text          0x00000092        0x0 c:/users/yoga 640/documents/imt_sdk_win_64/imt_sdk_win_64/winavr/bin/../lib/gcc/avr/4.3.3/avr5\libgcc.a(_exit.o)
 .text          0x00000092        0x0 c:/users/yoga 640/documents/imt_sdk_win_64/imt_sdk_win_64/winavr/bin/../lib/gcc/avr/4.3.3/avr5\libgcc.a(_copy_data.o)
 .text          0x00000092        0x0 c:/users/yoga 640/documents/imt_sdk_win_64/imt_sdk_win_64/winavr/bin/../lib/gcc/avr/4.3.3/avr5\libgcc.a(_clear_bss.o)
                0x00000092                . = ALIGN (0x2)
 *(.text.*)
 .text.PORT_voidInit
                0x00000092       0x40 ./MCAL/Port/Port_Program.o
                0x00000092                PORT_voidInit
 .text.GIE_enuEnable
                0x000000d2       0x24 ./MCAL/GIE/GIE_Program.o
                0x000000d2                GIE_enuEnable
 .text.GIE_enuDisable
                0x000000f6       0x24 ./MCAL/GIE/GIE_Program.o
                0x000000f6                GIE_enuDisable
 .text.EXTI_enuInitialize
                0x0000011a      0x32e ./MCAL/EXTI/EXTI.Program.o
                0x0000011a                EXTI_enuInitialize
 .text.EXTI_enuSetSenseMode
                0x00000448      0x256 ./MCAL/EXTI/EXTI.Program.o
                0x00000448                EXTI_enuSetSenseMode
 .text.EXTI_enuEnableInterrupt
                0x0000069e       0x92 ./MCAL/EXTI/EXTI.Program.o
                0x0000069e                EXTI_enuEnableInterrupt
 .text.EXTI_enuDisableInterrupt
                0x00000730       0x92 ./MCAL/EXTI/EXTI.Program.o
                0x00000730                EXTI_enuDisableInterrupt
 .text.EXTI_enuCallBack
                0x000007c2       0x70 ./MCAL/EXTI/EXTI.Program.o
                0x000007c2                EXTI_enuCallBack
 .text.__vector_1
                0x00000832       0x6e ./MCAL/EXTI/EXTI.Program.o
                0x00000832                __vector_1
 .text.__vector_2
                0x000008a0       0x6e ./MCAL/EXTI/EXTI.Program.o
                0x000008a0                __vector_2
 .text.__vector_3
                0x0000090e       0x6e ./MCAL/EXTI/EXTI.Program.o
                0x0000090e                __vector_3
 .text.DIO_enuSetPortValue
                0x0000097c       0x9a ./MCAL/DIO/DIO_Program.o
                0x0000097c                DIO_enuSetPortValue
 .text.DIO_enuTogPortValue
                0x00000a16       0xae ./MCAL/DIO/DIO_Program.o
                0x00000a16                DIO_enuTogPortValue
 .text.DIO_enuGetPortValue
                0x00000ac4       0xbe ./MCAL/DIO/DIO_Program.o
                0x00000ac4                DIO_enuGetPortValue
 .text.DIO_enuSetPinValue
                0x00000b82      0x228 ./MCAL/DIO/DIO_Program.o
                0x00000b82                DIO_enuSetPinValue
 .text.DIO_enuTogPinValue
                0x00000daa      0x11c ./MCAL/DIO/DIO_Program.o
                0x00000daa                DIO_enuTogPinValue
 .text.DIO_enuGetPinValue
                0x00000ec6      0x13c ./MCAL/DIO/DIO_Program.o
                0x00000ec6                DIO_enuGetPinValue
 .text.ADC_enuInitialize
                0x00001002       0x76 ./MCAL/ADC/ADC_Program.o
                0x00001002                ADC_enuInitialize
 .text.ADC_enuStartConversion
                0x00001078       0x28 ./MCAL/ADC/ADC_Program.o
                0x00001078                ADC_enuStartConversion
 .text.ADC_enuPollingSystem
                0x000010a0       0x3e ./MCAL/ADC/ADC_Program.o
                0x000010a0                ADC_enuPollingSystem
 .text.ADC_enuReadHighValue
                0x000010de       0x6e ./MCAL/ADC/ADC_Program.o
                0x000010de                ADC_enuReadHighValue
 .text.ADC_enuReadData
                0x0000114c       0x66 ./MCAL/ADC/ADC_Program.o
                0x0000114c                ADC_enuReadData
 .text.ADC_enuCallBack
                0x000011b2       0x54 ./MCAL/ADC/ADC_Program.o
                0x000011b2                ADC_enuCallBack
 .text.ADC_enuSelectChannel
                0x00001206       0x48 ./MCAL/ADC/ADC_Program.o
                0x00001206                ADC_enuSelectChannel
 .text.ADC_enuEnableTriggeringMode
                0x0000124e       0x64 ./MCAL/ADC/ADC_Program.o
                0x0000124e                ADC_enuEnableTriggeringMode
 .text.ADC_enuDisableTriggeringMode
                0x000012b2       0x28 ./MCAL/ADC/ADC_Program.o
                0x000012b2                ADC_enuDisableTriggeringMode
 .text.ADC_enuEnable
                0x000012da       0x28 ./MCAL/ADC/ADC_Program.o
                0x000012da                ADC_enuEnable
 .text.ADC_enuDisable
                0x00001302       0x28 ./MCAL/ADC/ADC_Program.o
                0x00001302                ADC_enuDisable
 .text.ADC_enuEnableInterruptMode
                0x0000132a       0x28 ./MCAL/ADC/ADC_Program.o
                0x0000132a                ADC_enuEnableInterruptMode
 .text.ADC_enuDisableInterruptMode
                0x00001352       0x28 ./MCAL/ADC/ADC_Program.o
                0x00001352                ADC_enuDisableInterruptMode
 .text.__vector_16
                0x0000137a       0x6e ./MCAL/ADC/ADC_Program.o
                0x0000137a                __vector_16
 .text.main     0x000013e8       0x48 ./APP/main.o
                0x000013e8                main
 .text.libgcc   0x00001430        0x0 c:/users/yoga 640/documents/imt_sdk_win_64/imt_sdk_win_64/winavr/bin/../lib/gcc/avr/4.3.3/avr5\libgcc.a(_exit.o)
 .text.libgcc   0x00001430        0x0 c:/users/yoga 640/documents/imt_sdk_win_64/imt_sdk_win_64/winavr/bin/../lib/gcc/avr/4.3.3/avr5\libgcc.a(_copy_data.o)
 .text.libgcc   0x00001430        0x0 c:/users/yoga 640/documents/imt_sdk_win_64/imt_sdk_win_64/winavr/bin/../lib/gcc/avr/4.3.3/avr5\libgcc.a(_clear_bss.o)
                0x00001430                . = ALIGN (0x2)
 *(.fini9)
 .fini9         0x00001430        0x0 c:/users/yoga 640/documents/imt_sdk_win_64/imt_sdk_win_64/winavr/bin/../lib/gcc/avr/4.3.3/avr5\libgcc.a(_exit.o)
                0x00001430                exit
                0x00001430                _exit
 *(.fini9)
 *(.fini8)
 *(.fini8)
 *(.fini7)
 *(.fini7)
 *(.fini6)
 *(.fini6)
 *(.fini5)
 *(.fini5)
 *(.fini4)
 *(.fini4)
 *(.fini3)
 *(.fini3)
 *(.fini2)
 *(.fini2)
 *(.fini1)
 *(.fini1)
 *(.fini0)
 .fini0         0x00001430        0x4 c:/users/yoga 640/documents/imt_sdk_win_64/imt_sdk_win_64/winavr/bin/../lib/gcc/avr/4.3.3/avr5\libgcc.a(_exit.o)
 *(.fini0)
                0x00001434                _etext = .

.data           0x00800060        0x6 load address 0x00001434
                0x00800060                PROVIDE (__data_start, .)
 *(.data)
 .data          0x00800060        0x0 c:/users/yoga 640/documents/imt_sdk_win_64/imt_sdk_win_64/winavr/bin/../lib/gcc/avr/4.3.3/../../../../avr/lib/avr5/crtm32.o
 .data          0x00800060        0x0 ./MCAL/Port/Port_Program.o
 .data          0x00800060        0x0 ./MCAL/GIE/GIE_Program.o
 .data          0x00800060        0x0 ./MCAL/EXTI/EXTI.Program.o
 .data          0x00800060        0x0 ./MCAL/EXTI/EXTI_Config.o
 .data          0x00800060        0x0 ./MCAL/DIO/DIO_Program.o
 .data          0x00800060        0x0 ./MCAL/ADC/ADC_Program.o
 .data          0x00800060        0x0 ./APP/main.o
 .data          0x00800060        0x0 c:/users/yoga 640/documents/imt_sdk_win_64/imt_sdk_win_64/winavr/bin/../lib/gcc/avr/4.3.3/avr5\libgcc.a(_exit.o)
 .data          0x00800060        0x0 c:/users/yoga 640/documents/imt_sdk_win_64/imt_sdk_win_64/winavr/bin/../lib/gcc/avr/4.3.3/avr5\libgcc.a(_copy_data.o)
 .data          0x00800060        0x0 c:/users/yoga 640/documents/imt_sdk_win_64/imt_sdk_win_64/winavr/bin/../lib/gcc/avr/4.3.3/avr5\libgcc.a(_clear_bss.o)
 *(.data*)
 .data.EXTI_AstrEXTIConfig
                0x00800060        0x6 ./MCAL/EXTI/EXTI_Config.o
                0x00800060                EXTI_AstrEXTIConfig
 *(.rodata)
 *(.rodata*)
 *(.gnu.linkonce.d*)
                0x00800066                . = ALIGN (0x2)
                0x00800066                _edata = .
                0x00800066                PROVIDE (__data_end, .)

.bss            0x00800066       0x10
                0x00800066                PROVIDE (__bss_start, .)
 *(.bss)
 .bss           0x00800066        0x0 c:/users/yoga 640/documents/imt_sdk_win_64/imt_sdk_win_64/winavr/bin/../lib/gcc/avr/4.3.3/../../../../avr/lib/avr5/crtm32.o
 .bss           0x00800066        0x0 ./MCAL/Port/Port_Program.o
 .bss           0x00800066        0x0 ./MCAL/GIE/GIE_Program.o
 .bss           0x00800066        0x0 ./MCAL/EXTI/EXTI.Program.o
 .bss           0x00800066        0x0 ./MCAL/EXTI/EXTI_Config.o
 .bss           0x00800066        0x0 ./MCAL/DIO/DIO_Program.o
 .bss           0x00800066        0x0 ./MCAL/ADC/ADC_Program.o
 .bss           0x00800066        0x0 ./APP/main.o
 .bss           0x00800066        0x0 c:/users/yoga 640/documents/imt_sdk_win_64/imt_sdk_win_64/winavr/bin/../lib/gcc/avr/4.3.3/avr5\libgcc.a(_exit.o)
 .bss           0x00800066        0x0 c:/users/yoga 640/documents/imt_sdk_win_64/imt_sdk_win_64/winavr/bin/../lib/gcc/avr/4.3.3/avr5\libgcc.a(_copy_data.o)
 .bss           0x00800066        0x0 c:/users/yoga 640/documents/imt_sdk_win_64/imt_sdk_win_64/winavr/bin/../lib/gcc/avr/4.3.3/avr5\libgcc.a(_clear_bss.o)
 *(.bss*)
 .bss.EXTI_ApFunINTFun
                0x00800066        0x6 ./MCAL/EXTI/EXTI.Program.o
 .bss.EXTI_ApvidGenericParameter
                0x0080006c        0x6 ./MCAL/EXTI/EXTI.Program.o
 .bss.ADC_pfunISRFun
                0x00800072        0x2 ./MCAL/ADC/ADC_Program.o
 .bss.ADC_pvidISRParameter
                0x00800074        0x2 ./MCAL/ADC/ADC_Program.o
 *(COMMON)
                0x00800076                PROVIDE (__bss_end, .)
                0x00001434                __data_load_start = LOADADDR (.data)
                0x0000143a                __data_load_end = (__data_load_start + SIZEOF (.data))

.noinit         0x00800076        0x0
                0x00800076                PROVIDE (__noinit_start, .)
 *(.noinit*)
                0x00800076                PROVIDE (__noinit_end, .)
                0x00800076                _end = .
                0x00800076                PROVIDE (__heap_start, .)

.eeprom         0x00810000        0x0
 *(.eeprom*)
                0x00810000                __eeprom_end = .

.fuse
 *(.fuse)
 *(.lfuse)
 *(.hfuse)
 *(.efuse)

.lock
 *(.lock*)

.signature
 *(.signature*)

.stab           0x00000000     0x2298
 *(.stab)
 .stab          0x00000000      0x210 ./MCAL/Port/Port_Program.o
 .stab          0x00000210      0x258 ./MCAL/GIE/GIE_Program.o
                                0x264 (size before relaxing)
 .stab          0x00000468      0x9f0 ./MCAL/EXTI/EXTI.Program.o
                                0x9fc (size before relaxing)
 .stab          0x00000e58      0x108 ./MCAL/EXTI/EXTI_Config.o
                                0x1bc (size before relaxing)
 .stab          0x00000f60      0x750 ./MCAL/DIO/DIO_Program.o
                                0x75c (size before relaxing)
 .stab          0x000016b0      0x954 ./MCAL/ADC/ADC_Program.o
                                0x960 (size before relaxing)
 .stab          0x00002004      0x294 ./APP/main.o
                                0x2a0 (size before relaxing)

.stabstr        0x00000000      0xe12
 *(.stabstr)
 .stabstr       0x00000000      0xe12 ./MCAL/Port/Port_Program.o

.stab.excl
 *(.stab.excl)

.stab.exclstr
 *(.stab.exclstr)

.stab.index
 *(.stab.index)

.stab.indexstr
 *(.stab.indexstr)

.comment
 *(.comment)

.debug
 *(.debug)

.line
 *(.line)

.debug_srcinfo
 *(.debug_srcinfo)

.debug_sfnames
 *(.debug_sfnames)

.debug_aranges
 *(.debug_aranges)

.debug_pubnames
 *(.debug_pubnames)

.debug_info
 *(.debug_info)
 *(.gnu.linkonce.wi.*)

.debug_abbrev
 *(.debug_abbrev)

.debug_line
 *(.debug_line)

.debug_frame
 *(.debug_frame)

.debug_str
 *(.debug_str)

.debug_loc
 *(.debug_loc)

.debug_macinfo
 *(.debug_macinfo)
OUTPUT(ADC.elf elf32-avr)
LOAD linker stubs
